roʔ
vɐŋ
mejʔ
wuk
tʰo
pʰuŋ
pʰu
soʔ
t͡sɐm
kʰɐp
rɐŋ
t͡suk
tʰow
kʰu
ke
t͡sɐr
se
tʰow
low
huk
no
rejʔ
rɐŋ
suŋ
t͡sa
hɐŋ
lu
kej
kɐŋ
lɐm
ri
pem
juŋ
tʰo
le
va
tik
ram
kʰɐm
t͡sik
leʔ
re
kej
nuk
kɐm
kʰu
kʰɐm
jam
hej
t͡so
kʰej
tʰɐm
hɐm
vuk
kʰɐ
mɐŋ
li
ŋun
wuʔ
kʰoʔ
vɐm
nik
row
so
t͡soʔ
ruʔ
kʰow
wuʔ
mi
wu
nem
luŋ
kaʔ
tʰe
re
sik
suʔ
ju
huʔ
tʰu
tʰɐn
je
jep
ho
hu
re
kow
ku
kʰej
pʰej
lu
kʰuʔ
joʔ
sam
rɐŋ
mej
ruk
sam
t͡sej
woʔ
keʔ
ni
kej
kʰu
t͡sejʔ
pʰe
t͡soʔ
now
me
t͡sejʔ
lɐŋ
kʰi
mu
ni
mu
mɐŋ
t͡sɐm
pej
t͡se
vow
t͡sɐŋ
vue
raʔ
mo
nam
vi
t͡se
t͡sow
sik
ku
ke
lam
kik
kejʔ
su
kɐn
ruk
kɐp
naʔ
ke
vu
le
mow
suk
sɐŋ
we
pu
nɐŋ
sɐŋ
tʰoʔ
ʔu
tʰu
jɐŋ
tʰɐŋ
se
t͡saʔ
roʔ
rɐm
vej
tuʔ
nej
kow
lu
huk
t͡so
ju
reʔ
moʔ
se
mu
nej
ʃe
muʔ
saʔ
tʰow
mu
vejʔ
nu
maʔ
ce
so
si
ham
sejʔ
t͡suk
t͡su
now
kʰe
re
su
haw
luʔ
leʔ
tʰejʔ
tʰu
vɐm
hoʔ
sɐŋ
pej
nuk
kʰuʔ
sa
nu
vuk
row
hwi
ruk
we
sɐp
vejʔ
ju
su
t͡sow
ko
juʔ
pej
nɐŋ
moʔ
suŋ
pʰi
le