eŋeʔeŋa
ʔalu
tuki
ʔahu
vaʔe
hema
ʔao
toː
lua
taʔu
vaku
mamao
huhu
peku
efu
tama
ua
tuitui
fahi
liː
mamaʔo
mata
kakau
ʔanu
nofo
louʔulu
taliŋa
kele
nima
mohe
pupula
nifo
kinautolu
laŋi
matolutolu
ʔelelo
kili
iku
aka
hala
maka
maː
foʔou
pala
manifinifi
eni
maːsima
poː
inu
tolu
uma
ʔone
koe
kai
oːmai
mahaki
hiŋoa
ŋutu
taha
mate
tupu
misi
tulimanu
kano
ʔikai
mana
maːnava
ihu
namu
fenoŋo
keli
fili
kata
fetuʔu
ʔate
ʔuha
taŋata
ʔuhila
ŋata
tokoto
kaka
ʔilo
mama
kumaː
loa
kutu
kula
fakatau
taːmateʔi
tuʔu
maʔuŋa
ʔifeː
lalo
ʔulu
faː
tamai
fulufulu
fua
mamafa
lahi
hai
kaih
mataŋi
tuʔa
fale
ia
mohuku
kotoa
laulahi
vao
kau
manu
ʔiloto
lau
kakapu
ʔuliʔuli
kelemutu
fefine
kimautolu
hui
au
ika
afi
feːfeː
toto
mafana
kapakau
motuʔa