reŋareŋa
rua
rakuraku
uʔu
mauiː
rau
raʔaraʔa
araʔara
ʔaːmama
tau
kite
maʔana
toto
tama
ao
ivi
maːtou
tuitui
ʔaː
ʔaere
matie
kere
ruaki
vaʔi
miti
noʔo
ʔeu
tariŋa
rauru
moe
kaukau
tuki
naʔuru
kiri
raŋi
raːtou
niʔo
maː
ʔiku
kura
ua
ʔetuʔu
one
iŋoa
ara
raːtou
maʔatoru
aka
ʔoːiti
rere
toru
para
taura
koe
tupu
roŋo
moemoeaʔa
iʔu
namu
marama
poʔo
inu
puni
mataku
kutu
tata
pupuʔi
ʔiri
ʔoʔou
taʔane
paki
kai
mate
takoto
au
uira
maʔauiui
taʔi
vae
iti
arero
keri
kata
tau
mamae
ate
roa
taŋata
kake
taːmate
tuʔu
ʔea
rʔeu
rima
mamao
ʔuru
ʔua
maʔa
tua
keiaʔa
ʔai
katoa
mauku
ʔare
ia
matieʔe
ruŋa
tea
vaʔine
manava
roto
roto
koʔu
raro
vao
peʔeʔau
aʔa
uri
au
ika
aʔi
pʔeʔea
manu
ʔuː
mataŋi
metua