tapakau
manatu
toʔo
huhu
veʔe
hema
laʔa
nifo
kakau
mataŋi
tuki
fafau
toto
tama
ao
hui
fuli
vaku
anu
fufula
teliŋa
efu
miti
mohe
tuʔu
tuitui
lima
makalili
aho
ulu
nofo
kaih
alelo
iki
matima
one
ahu
takoto
pala
kili
uha
taŋata
maʔa
toua
hiŋa
kumaʔa
ɡata
fetuʔu
kula
tata
inu
hiku
aka
hala
maka
kai
mataku
tou
poʔo
ŋutu
namu
foʔou
mate
lele
noŋo
taʔane
ua
matolutolu
koe
hika
kakano
tupu
keli
fakamanava
ilo
pukupuku
ate
tuai
ihu
uhila
vaha
kata
fili
pupuhi
taha
loa
kutu
maki
tolu
poki
fota
motua
fakamamaŋa
tuʔa
mamafa
faʔa
kele
mata
fua
ia
manava
ua
akau
huki
haʔa
katoa
lauʔulu
feʔefeʔe
fale
melie
luŋa
mafana
hai
kelemutu
lalo
ika
loto
lau
lahi
tau
laulahi
vao
tea
haele
uli
loto
afi
mamao
au
manu
lua
feʔe
fifine