anu
faʔamate
oːmai
laːlaː
ia
mamafa
ivi
aʔe
tuli
moe
tau
iloa
uliuli
susu
tama
toto
ʔata
mate
ʔai
tuʔi
ʔeleʔelea
aso
loŋo
inu
lele
ʔeli
luaʔi
lima
ao
maʔalili
fuŋa
savali
miti
tupu
fili
aʔa
maʔi
taŋata
pala
mama
ʔapaʔau
tasi
ala
ua
lata
ʔula
tuai
mataŋi
ʔau
ate
fou
maːsima
one
poː
sloa
ɡafulu
puʔupuʔu
isu
leai
vasa
lela
mauɡa
susuː
laːtou
poŋaːleveleve
maːlama
uila
vae
ʔaʔano
fetuː
matolutolu
maːtou
taŋi
maːvava
leɡa
iʔu
lenei
loto
ʔutu
maː
ʔili
taːne
lau
manifi
maʔa
tapu
elua
tea
vao
asu
maːnava
ʔimoa
peːfea
tinaː
namu
fale
ua
faʔataumai
ŋata
fafine
sfea
ʔelemutu
ʔoai
tolu
iti
ŋutu
aʔu
loto
iŋoa
laŋi
ʔoe
lautele
tau
toː
nifo
lefu
efaː
tamaː
matatupa
pefu
fulu
fua
tua
fufula
mataʔu
tala
manatu
ʔaːtoa
iʔa
mutia
malie
afi
iluŋa
ʔaʔau
suʔi
tuː
manava
mamao
ulu
momona
ilalo
ʔais
nofo
ʔomi
ʔite
alelo
manu
lauʔulu
mata
taliŋa
lasi
taʔoto
lalaʔu
isi