maːkua
kaːkou
ao
loa
uː
hahana
mauna
iwi
ʔehu
maka
laːlaː
aha
makani
laːʔau
ahi
huluhulu
kani
wai
lenalena
hea
hale
mamao
momona
pehea
kea
kapu
lua
ʔeli
ʔoe
kolu
inu
haːmama
nei
make
iki
lani
helemai
maːkolukolu
kahi
uahi
ʔai
makaʔu
hoːkuː
maʔi
moe
kupu
laːkou
la
lele
waːhi
kuː
niho
ala
ihu
poː
ʔula
kuʔi
ʔaih
noho
ʔauʔau
inoa
kanaka
lono
huːnaː
ua
hou
huː
ʔike
ʔaka
luaʔi
mama
mahina
kaula
aʔa
ʔuku
pupuhi
hele
alelo
huli
hoʔomake
one
malama
kaːne
ʔili
manaʔo
ʔeːheu
lehu
au
lauoho
iʔa
lima
loko
kua
wahine
ame
ia
lau
loko
maha
iluna
lalo
hua
uila
ake
mauʔu
manu
koko
waːwae
haː
ʔohu
hema
ʔeleʔele